// Jest Snapshot v1, https://goo.gl/fbAQLP

exports[`Overlay render 1`] = `
<DocumentFragment>
  <div
    class="root"
  />
</DocumentFragment>
`;
