// Jest Snapshot v1, https://goo.gl/fbAQLP

exports[`PostListItem render 1`] = `
<DocumentFragment>
  <div
    class=" root"
  >
    <h2
      class="title"
    >
      title
    </h2>
    <p
      class="meta"
    >
      ноябрь 11, 2020
    </p>
    <div
      data-testid="image-view"
    >
      <div
        class="image"
      >
        <img
          alt="image"
          height="auto"
          src="http://test.com"
          width="auto"
        />
      </div>
    </div>
    <p
      class="imageLabel"
    >
      image
    </p>
    <p
      class="description"
    >
      description
    </p>
    <div
      class="row justify-content-center"
    >
      <div
        class="col-auto"
      >
        <div
          class="link"
        >
          Читать далее
        </div>
      </div>
    </div>
  </div>
</DocumentFragment>
`;
