// Jest Snapshot v1, https://goo.gl/fbAQLP

exports[`PostList render 1`] = `
<DocumentFragment>
  <div
    class="row"
  >
    <div
      class="col-12"
    >
      <div
        data-testid="item-slugslugslugslug"
      />
    </div>
  </div>
</DocumentFragment>
`;
