// Jest Snapshot v1, https://goo.gl/fbAQLP

exports[`PreviewAlert render 1`] = `
<DocumentFragment>
  <div
    class="root"
  >
    <h5>
      Режим предпросмотра записи: "Post title"
    </h5>
    <a
      class="close"
      title="Выйти"
    >
      X
    </a>
  </div>
</DocumentFragment>
`;
