// Jest Snapshot v1, https://goo.gl/fbAQLP

exports[`SeoPostFactory toSitemapRaw should escape symbols 1`] = `
"<url>
      <loc>https://test.com/%D0%BA%D0%BE%D1%80%D0%B8%D1%87%D0%BD%D0%B5%D0%B2%D1%8B%D0%B9-%D0%BA%D0%B0%D1%80%D0%B4%D0%B8%D0%B3%D0%B0%D0%BD/</loc>
      <lastmod>2021-01-11T20:00:00.000Z</lastmod>
      </url>"
`;
