// Jest Snapshot v1, https://goo.gl/fbAQLP

exports[`SeoService generateRobotsTxt 1`] = `
"User-agent: *
Disallow: /
Sitemap: https://hostname/sitemap.xml"
`;

exports[`SeoService generateSitemap 1`] = `"<urlset xmlns=\\"http://www.sitemaps.org/schemas/sitemap/0.9\\"><url><loc>https://hostname/post1</loc><changefreq>daily</changefreq><priority>0.9</priority></url><url><loc>https://hostname/post2</loc><changefreq>daily</changefreq><priority>0.9</priority></url></urlset>"`;
