// Jest Snapshot v1, https://goo.gl/fbAQLP

exports[`MobileMenuButton render 1`] = `
<DocumentFragment>
  <button
    class="root"
  >
    <img
      alt="menu"
      src="[object Object]"
    />
  </button>
</DocumentFragment>
`;
