// Jest Snapshot v1, https://goo.gl/fbAQLP

exports[`PostWithContent render 1`] = `
<DocumentFragment>
  <h2
    class="title"
  >
    title
  </h2>
  <hr
    class="hr"
  />
  <p
    class="meta"
  >
    11 Nov, 2020
  </p>
  <div
    style="display: block; overflow: hidden; position: relative; box-sizing: border-box; margin: 0px;"
  >
    <div
      style="display: block; box-sizing: border-box; padding-top: 100%;"
    />
    <img
      alt="image"
      decoding="async"
      src="/_next/image?url=http%3A%2F%2Ftest.com&w=1200&q=75"
      srcset="/_next/image?url=http%3A%2F%2Ftest.com&w=320&q=75 320w, /_next/image?url=http%3A%2F%2Ftest.com&w=420&q=75 420w, /_next/image?url=http%3A%2F%2Ftest.com&w=768&q=75 768w, /_next/image?url=http%3A%2F%2Ftest.com&w=1024&q=75 1024w, /_next/image?url=http%3A%2F%2Ftest.com&w=1200&q=75 1200w"
      style="visibility: visible; position: absolute; top: 0px; left: 0px; bottom: 0px; right: 0px; box-sizing: border-box; padding: 0px; margin: auto; display: block; width: 0px; height: 0px; min-width: 100%; max-width: 100%; min-height: 100%; max-height: 100%;"
    />
  </div>
  <p
    class="description"
  >
    descr
  </p>
  <ul>
    <li
      class="li"
    >
      BO – Bind off
    </li>
    <li
      class="li"
    >
      k2tog – knit two stitches together decrease
    </li>
    <li
      class="li"
    >
      p – purl
    </li>
    <li
      class="li"
    >
      YO – yarn over
    </li>
  </ul>
  <p
    class="description"
  >
    descr
  </p>
  <div
    class="row justify-content-center"
  >
    <div
      class="col-auto"
    >
      <div
        style="display: inline-block; max-width: 100%; overflow: hidden; position: relative; box-sizing: border-box; margin: 0px;"
      >
        <div
          style="box-sizing: border-box; display: block; max-width: 100%;"
        >
          <img
            alt=""
            aria-hidden="true"
            role="presentation"
            src="data:image/svg+xml;charset=utf-8,<svg width=\\"NaN\\" height=\\"320\\" xmlns=\\"http://www.w3.org/2000/svg\\" version=\\"1.1\\"/>"
            style="max-width: 100%; display: block;"
          />
        </div>
        <img
          alt="image"
          decoding="async"
          src="/_next/image?url=http%3A%2F%2Ftest.com&w=1200&q=75"
          srcset="/_next/image?url=http%3A%2F%2Ftest.com&w=1200&q=75 1x"
          style="visibility: visible; position: absolute; top: 0px; left: 0px; bottom: 0px; right: 0px; box-sizing: border-box; padding: 0px; margin: auto; display: block; width: 0px; height: 0px; min-width: 100%; max-width: 100%; min-height: 100%; max-height: 100%;"
        />
      </div>
    </div>
    <div
      class="col-auto"
    >
      <div
        style="display: inline-block; max-width: 100%; overflow: hidden; position: relative; box-sizing: border-box; margin: 0px;"
      >
        <div
          style="box-sizing: border-box; display: block; max-width: 100%;"
        >
          <img
            alt=""
            aria-hidden="true"
            role="presentation"
            src="data:image/svg+xml;charset=utf-8,<svg width=\\"NaN\\" height=\\"320\\" xmlns=\\"http://www.w3.org/2000/svg\\" version=\\"1.1\\"/>"
            style="max-width: 100%; display: block;"
          />
        </div>
        <img
          alt="image"
          decoding="async"
          src="/_next/image?url=http%3A%2F%2Ftest.com&w=1200&q=75"
          srcset="/_next/image?url=http%3A%2F%2Ftest.com&w=1200&q=75 1x"
          style="visibility: visible; position: absolute; top: 0px; left: 0px; bottom: 0px; right: 0px; box-sizing: border-box; padding: 0px; margin: auto; display: block; width: 0px; height: 0px; min-width: 100%; max-width: 100%; min-height: 100%; max-height: 100%;"
        />
      </div>
    </div>
    <div
      class="col-auto"
    >
      <div
        style="display: inline-block; max-width: 100%; overflow: hidden; position: relative; box-sizing: border-box; margin: 0px;"
      >
        <div
          style="box-sizing: border-box; display: block; max-width: 100%;"
        >
          <img
            alt=""
            aria-hidden="true"
            role="presentation"
            src="data:image/svg+xml;charset=utf-8,<svg width=\\"NaN\\" height=\\"320\\" xmlns=\\"http://www.w3.org/2000/svg\\" version=\\"1.1\\"/>"
            style="max-width: 100%; display: block;"
          />
        </div>
        <img
          alt="image"
          decoding="async"
          src="/_next/image?url=http%3A%2F%2Ftest.com&w=1200&q=75"
          srcset="/_next/image?url=http%3A%2F%2Ftest.com&w=1200&q=75 1x"
          style="visibility: visible; position: absolute; top: 0px; left: 0px; bottom: 0px; right: 0px; box-sizing: border-box; padding: 0px; margin: auto; display: block; width: 0px; height: 0px; min-width: 100%; max-width: 100%; min-height: 100%; max-height: 100%;"
        />
      </div>
    </div>
    <div
      class="col-auto"
    >
      <div
        style="display: inline-block; max-width: 100%; overflow: hidden; position: relative; box-sizing: border-box; margin: 0px;"
      >
        <div
          style="box-sizing: border-box; display: block; max-width: 100%;"
        >
          <img
            alt=""
            aria-hidden="true"
            role="presentation"
            src="data:image/svg+xml;charset=utf-8,<svg width=\\"NaN\\" height=\\"320\\" xmlns=\\"http://www.w3.org/2000/svg\\" version=\\"1.1\\"/>"
            style="max-width: 100%; display: block;"
          />
        </div>
        <img
          alt="image"
          decoding="async"
          src="/_next/image?url=http%3A%2F%2Ftest.com&w=1200&q=75"
          srcset="/_next/image?url=http%3A%2F%2Ftest.com&w=1200&q=75 1x"
          style="visibility: visible; position: absolute; top: 0px; left: 0px; bottom: 0px; right: 0px; box-sizing: border-box; padding: 0px; margin: auto; display: block; width: 0px; height: 0px; min-width: 100%; max-width: 100%; min-height: 100%; max-height: 100%;"
        />
      </div>
    </div>
  </div>
  <hr
    class="hr"
    style="margin-top: 3rem; margin-bottom: 3rem;"
  />
  <p
    class="description"
  >
    descr
  </p>
  <p
    class="footer"
  >
    11 Nov, 2020
  </p>
</DocumentFragment>
`;
