// Jest Snapshot v1, https://goo.gl/fbAQLP

exports[`Footer render 1`] = `
<DocumentFragment>
  <footer
    class="footer"
  >
    <span
      class="mr-1"
    >
      â’¸ 2020
    </span>
    <a
      href="http"
      rel="noreferrer"
      target="_blank"
    >
      Author
    </a>
  </footer>
</DocumentFragment>
`;
