// Jest Snapshot v1, https://goo.gl/fbAQLP

exports[`Ul render 1`] = `
<DocumentFragment>
  <ul>
    <li
      class="li"
    >
      item
    </li>
    <li
      class="li"
    >
      item2
    </li>
  </ul>
</DocumentFragment>
`;
