// Jest Snapshot v1, https://goo.gl/fbAQLP

exports[`Header render 1`] = `
<DocumentFragment>
  <header
    class="root"
  >
    <a
      class="link"
    >
      <div
        class="logoContainer"
      >
        <div
          class="logo"
        >
          <img
            alt="title"
            height="auto"
            src="http://test.com"
            width="auto"
          />
        </div>
        <h1
          class="title"
        >
          title
        </h1>
      </div>
    </a>
    <nav />
  </header>
</DocumentFragment>
`;
