// Jest Snapshot v1, https://goo.gl/fbAQLP

exports[`Hr render 1`] = `
<DocumentFragment>
  <hr
    class="hr"
  />
</DocumentFragment>
`;
